D:/STM32/STM32_CMCIS/shared/Drivers/CMSIS/Include/core_cm4.h:1629:22:NVIC_SetPriority	16	static
D:/STM32/STM32_CMCIS/shared/Drivers/CMSIS/Include/core_cm4.h:1760:26:SysTick_Config	16	static
../Src/main.c:98:5:main	8	static
../Src/main.c:115:6:SysTick_Init	8	static
../Src/main.c:120:6:SysTick_Handler	4	static
../Src/main.c:125:10:SysTick_getTick	4	static
../Src/main.c:130:6:Delay_ms	32	static
../Src/main.c:155:6:Button_Init	32	static
../Src/main.c:184:6:EXTI15_10_IRQHandler	8	static
../Src/main.c:198:6:I2C1_Init	32	static
../Src/main.c:224:6:I2Cx_SendData	16	static
../Src/main.c:240:9:I2Cx_ReceiveData	24	static
../Src/main.c:273:6:MPU6050_Init	8	static
../Src/main.c:288:13:MPU6050_ReadAcc	64	static
../Src/main.c:314:6:SPI2_Init	40	static
../Src/main.c:354:6:SPI_Send_Data	16	static
../Src/main.c:362:6:MAX7219_Init	8	static
../Src/main.c:378:6:cho_vao_game	8	static
../Src/main.c:404:6:khoi_tao_game	16	static
../Src/main.c:429:6:in_man_hinh	16	static
../Src/main.c:437:9:xac_dinh_huong_di_chuyen	56	static
../Src/main.c:479:6:xac_dinh_toa_do_ran	24	static
../Src/main.c:573:6:xac_dinh_toa_do_moi	16	static
../Src/main.c:602:6:nhap_nhay_moi	16	static
../Src/main.c:625:9:kiem_tra_ran_an_moi	16	static
../Src/main.c:645:6:tang_chieu_dai_ran	16	static
../Src/main.c:672:9:kiem_tra_trang_thai_ran	16	static
../Src/main.c:685:6:thong_bao_game_over	16	static
../Src/main.c:705:6:xu_ly_chuong_trinh	8	static
