19:26:18 **** Build of configuration Debug for project HUNTING_SNAKE_GAMES ****
make -j4 all 
arm-none-eabi-gcc -mcpu=cortex-m4 -g3 -DDEBUG -c -x assembler-with-cpp -MMD -MP -MF"Startup/startup_stm32f401retx.d" -MT"Startup/startup_stm32f401retx.o" --specs=nano.specs -mfpu=fpv4-sp-d16 -mfloat-abi=hard -mthumb -o "Startup/startup_stm32f401retx.o" "../Startup/startup_stm32f401retx.s"
arm-none-eabi-gcc "../Src/main.c" -mcpu=cortex-m4 -std=gnu11 -g3 -DDEBUG -DNUCLEO_F401RE -DSTM32 -DSTM32F401RETx -DSTM32F4 -c -I../Inc -I"D:/STM32/STM32_CMCIS/shared/Drivers/CMSIS/Include" -I"D:/STM32/STM32_CMCIS/shared/Drivers/STM32F401RE_StdPeriph_Driver/inc" -O0 -ffunction-sections -fdata-sections -Wall -fstack-usage -MMD -MP -MF"Src/main.d" -MT"Src/main.o" --specs=nano.specs -mfpu=fpv4-sp-d16 -mfloat-abi=hard -mthumb -o "Src/main.o"
arm-none-eabi-gcc "../Src/syscalls.c" -mcpu=cortex-m4 -std=gnu11 -g3 -DDEBUG -DNUCLEO_F401RE -DSTM32 -DSTM32F401RETx -DSTM32F4 -c -I../Inc -I"D:/STM32/STM32_CMCIS/shared/Drivers/CMSIS/Include" -I"D:/STM32/STM32_CMCIS/shared/Drivers/STM32F401RE_StdPeriph_Driver/inc" -O0 -ffunction-sections -fdata-sections -Wall -fstack-usage -MMD -MP -MF"Src/syscalls.d" -MT"Src/syscalls.o" --specs=nano.specs -mfpu=fpv4-sp-d16 -mfloat-abi=hard -mthumb -o "Src/syscalls.o"
arm-none-eabi-gcc "../Src/sysmem.c" -mcpu=cortex-m4 -std=gnu11 -g3 -DDEBUG -DNUCLEO_F401RE -DSTM32 -DSTM32F401RETx -DSTM32F4 -c -I../Inc -I"D:/STM32/STM32_CMCIS/shared/Drivers/CMSIS/Include" -I"D:/STM32/STM32_CMCIS/shared/Drivers/STM32F401RE_StdPeriph_Driver/inc" -O0 -ffunction-sections -fdata-sections -Wall -fstack-usage -MMD -MP -MF"Src/sysmem.d" -MT"Src/sysmem.o" --specs=nano.specs -mfpu=fpv4-sp-d16 -mfloat-abi=hard -mthumb -o "Src/sysmem.o"
arm-none-eabi-gcc -o "HUNTING_SNAKE_GAMES.elf" @"objects.list"  -lLibraries -mcpu=cortex-m4 -T"D:\Project\HUNTING_SNAKE_GAMES\HUNTING_SNAKE_GAMES\STM32F401RETX_FLASH.ld" --specs=nosys.specs -Wl,-Map="HUNTING_SNAKE_GAMES.map" -Wl,--gc-sections -static -L"D:\STM32\STM32_CMCIS\lib_stm" --specs=nano.specs -mfpu=fpv4-sp-d16 -mfloat-abi=hard -mthumb -Wl,--start-group -lc -lm -Wl,--end-group
Finished building target: HUNTING_SNAKE_GAMES.elf
 
arm-none-eabi-size   HUNTING_SNAKE_GAMES.elf 
arm-none-eabi-objdump -h -S  HUNTING_SNAKE_GAMES.elf  > "HUNTING_SNAKE_GAMES.list"
   text	   data	    bss	    dec	    hex	filename
  22696	    148	   1708	  24552	   5fe8	HUNTING_SNAKE_GAMES.elf
Finished building: default.size.stdout
 
Finished building: HUNTING_SNAKE_GAMES.list
 

19:26:20 Build Finished. 0 errors, 0 warnings. (took 1s.859ms)

